
Switch>en
Switch#conf t
Enter configuration commands, one per line.  End with CNTL/Z.
Switch(config)#vlan 10
Switch(config-vlan)#name Estudiante
Switch(config-vlan)#exit
Switch(config)#vlan 20
Switch(config-vlan)#name Marketing
Switch(config-vlan)#exit
Switch(config)#vlan 30
Switch(config-vlan)#name Empleado
Switch(config-vlan)#exit
Switch(config)#in
Switch(config)#interface range fa
Switch(config)#interface range fastEthernet 0/1-9
Switch(config-if-range)#sw
Switch(config-if-range)#switchport mode acc
Switch(config-if-range)#switchport mode access 
Switch(config-if-range)#sw
Switch(config-if-range)#switchport acc
Switch(config-if-range)#switchport access vlan 10
Switch(config-if-range)#exit
Switch(config)#int
Switch(config)#interface range fa
Switch(config)#interface range fastEthernet 0/10-15
Switch(config-if-range)#sw
Switch(config-if-range)#switchport mode acc
Switch(config-if-range)#switchport mode access 
Switch(config-if-range)#sw
Switch(config-if-range)#switchport acc
Switch(config-if-range)#switchport access vlan 20
Switch(config-if-range)#exit
Switch(config)#int
Switch(config)#interface range fa
Switch(config)#interface range fastEthernet 0/16-20
Switch(config-if-range)#sw
Switch(config-if-range)#switchport mode access
Switch(config-if-range)#sw
Switch(config-if-range)#switchport access vlan 30
Switch(config-if-range)#exit
Switch(config)#in
Switch(config)#interface range fa
Switch(config)#interface range fastEthernet 0/21-22
Switch(config-if-range)#sw
Switch(config-if-range)#switchport mode acc
Switch(config-if-range)#switchport mode access 
Switch(config-if-range)#sw
Switch(config-if-range)#switchport acc
Switch(config-if-range)#exit
Switch(config)#int
Switch(config)#interface range fa
Switch(config)#interface range fastEthernet 0/21-23
Switch(config-if-range)#sw
Switch(config-if-range)#switchport mode trunk

Switch(config-if-range)#
%LINEPROTO-5-UPDOWN: Line protocol on Interface FastEthernet0/21, changed state to down

%LINEPROTO-5-UPDOWN: Line protocol on Interface FastEthernet0/21, changed state to up

Switch(config-if-range)#sw
Switch(config-if-range)#switchport mode trunk
Switch(config-if-range)#exit
Switch(config)#


Press RETURN to get started!



Router>en
Router#conf t
Enter configuration commands, one per line.  End with CNTL/Z.
Router(config)#int
Router(config)#interface gi0/0
Router(config-if)#no ip add
Router(config-if)#no shut

Router(config-if)#
%LINK-5-CHANGED: Interface GigabitEthernet0/0, changed state to up

%LINEPROTO-5-UPDOWN: Line protocol on Interface GigabitEthernet0/0, changed state to up

Router(config-if)#int gi0/0.10
Router(config-subif)#
%LINK-5-CHANGED: Interface GigabitEthernet0/0.10, changed state to up

%LINEPROTO-5-UPDOWN: Line protocol on Interface GigabitEthernet0/0.10, changed state to up

Router(config-subif)#en do
Router(config-subif)#en dot1Q 10
Router(config-subif)#ip add 192.168.10.1 255.255.255
                                         ^
% Invalid input detected at '^' marker.
	
Router(config-subif)#ip add 192.168.10.1 255.255.255.0
Router(config-subif)#exit
Router(config)#int gi0/0.20
Router(config-subif)#
%LINK-5-CHANGED: Interface GigabitEthernet0/0.20, changed state to up

%LINEPROTO-5-UPDOWN: Line protocol on Interface GigabitEthernet0/0.20, changed state to up

Router(config-subif)#en do
Router(config-subif)#en dot1Q 20
Router(config-subif)#ip add 192.168.20.1 255.255.255.0
Router(config-subif)#exit
Router(config)#int gi0/0.30
Router(config-subif)#
%LINK-5-CHANGED: Interface GigabitEthernet0/0.30, changed state to up

%LINEPROTO-5-UPDOWN: Line protocol on Interface GigabitEthernet0/0.30, changed state to up

Router(config-subif)#en do
Router(config-subif)#en dot1Q 30
Router(config-subif)#ip add 192.168.30.1 255.255.255.0
Router(config-subif)#exit
Router(config)#ip dhcp pool POOL10
Router(dhcp-config)#ne
Router(dhcp-config)#network 192.168.10.0 255.255.255.0
Router(dhcp-config)#de
Router(dhcp-config)#default-router 192.168.10.1
Router(dhcp-config)#dn
Router(dhcp-config)#dns-server 8.8.8.8
Router(dhcp-config)#exit
Router(config)#ip dhcp ex
Router(config)#ip dhcp excluded-address 192.168.10.0
Router(config)#ip dhcp pool POOL20
Router(dhcp-config)#ne
Router(dhcp-config)#network 192.168.20.0 255.255.255.0
Router(dhcp-config)#de
Router(dhcp-config)#default-router 192.169.20.1
Router(dhcp-config)#dn
Router(dhcp-config)#dns-server 8.8.8.8
Router(dhcp-config)#exit
Router(config)#ip dhcp ex
Router(config)#ip dhcp excluded-address 192.168.20.1
Router(config)#ip dhcp pool POOL30
Router(dhcp-config)#ne
Router(dhcp-config)#network 192.168.30.0 255.255.255.0
Router(dhcp-config)#de
Router(dhcp-config)#default-router 192.168.30.1
Router(dhcp-config)#dn
Router(dhcp-config)#dns-server 8.8.8.8
Router(dhcp-config)#exit
Router(config)#ip dhcp ex
Router(config)#ip dhcp excluded-address 192.168.30.1
Router(config)#exit
Router#
%SYS-5-CONFIG_I: Configured from console by console

Router#wr
Building configuration...
[OK]
Router#conf t
Enter configuration commands, one per line.  End with CNTL/Z.
Router(config)#acc
Router(config)#access-list 101 deny ip 192.168.10.0 0.0.0.255 192.168.20.0 0.0.0.255
Router(config)#acc
Router(config)#access-list 101 deny ip 192.168.10.0 0.0.0.255 192.168.30.0 0.0.0.255
Router(config)#ac
Router(config)#access-list 101 deny ip 192.168.20.0 0.0.0.255 192.168.10.0 0.0.0.255
Router(config)#ac
Router(config)#access-list 101 deny ip 192.168.20.0 0.0.0.255 192.168.30.0 0.0.0.255
Router(config)#ac
Router(config)#access-list 101 deny ip 192.168.30.0 0.0.0.255 192.168.10.0 0.0.0.255
Router(config)#ac
Router(config)#access-list 101 deny ip 192.168.30.0 0.0.0.255 192.168.20.0 0.0.0.255
Router(config)#ac
Router(config)#access-list 101 pe
Router(config)#access-list 101 permit ip any any
Router(config)#int
Router(config)#interface gi
Router(config)#interface gigabitEthernet 0/0.10
Router(config-subif)#ip ac
Router(config-subif)#ip access-group 101 in
Router(config-subif)#exit
Router(config)#in
Router(config)#interface g
Router(config)#interface gigabitEthernet 0/0.20
Router(config-subif)#ip ac
Router(config-subif)#ip access-group 101 in
Router(config-subif)#exit
Router(config)#in
Router(config)#interface g
Router(config)#interface gigabitEthernet 0/0.30
Router(config-subif)#ip ac
Router(config-subif)#ip access-group 101 in
Router(config-subif)#exit
Router(config)#exit
Router#
%SYS-5-CONFIG_I: Configured from console by console

Router#wr
Building configuration...
[OK]
Router#sh acc
Router#sh access-lists 101
Extended IP access list 101
    deny ip 192.168.10.0 0.0.0.255 192.168.20.0 0.0.0.255
    deny ip 192.168.10.0 0.0.0.255 192.168.30.0 0.0.0.255
    deny ip 192.168.20.0 0.0.0.255 192.168.10.0 0.0.0.255
    deny ip 192.168.20.0 0.0.0.255 192.168.30.0 0.0.0.255
    deny ip 192.168.30.0 0.0.0.255 192.168.10.0 0.0.0.255
    deny ip 192.168.30.0 0.0.0.255 192.168.20.0 0.0.0.255
    permit ip any any

Router#